Archive member included to satisfy reference by file (symbol)

c:/st/stm32cubeide_1.3.0/stm32cubeide/plugins/com.st.stm32cube.ide.mcu.externaltools.gnu-tools-for-stm32.7-2018-q2-update.win32_1.0.0.201904181610/tools/bin/../lib/gcc/arm-none-eabi/7.3.1/../../../../arm-none-eabi/lib/thumb/v6-m\libc_nano.a(lib_a-errno.o)
                              Core/Src/syscalls.o (__errno)
c:/st/stm32cubeide_1.3.0/stm32cubeide/plugins/com.st.stm32cube.ide.mcu.externaltools.gnu-tools-for-stm32.7-2018-q2-update.win32_1.0.0.201904181610/tools/bin/../lib/gcc/arm-none-eabi/7.3.1/../../../../arm-none-eabi/lib/thumb/v6-m\libc_nano.a(lib_a-exit.o)
                              c:/st/stm32cubeide_1.3.0/stm32cubeide/plugins/com.st.stm32cube.ide.mcu.externaltools.gnu-tools-for-stm32.7-2018-q2-update.win32_1.0.0.201904181610/tools/bin/../lib/gcc/arm-none-eabi/7.3.1/../../../../arm-none-eabi/lib/thumb/v6-m/crt0.o (exit)
c:/st/stm32cubeide_1.3.0/stm32cubeide/plugins/com.st.stm32cube.ide.mcu.externaltools.gnu-tools-for-stm32.7-2018-q2-update.win32_1.0.0.201904181610/tools/bin/../lib/gcc/arm-none-eabi/7.3.1/../../../../arm-none-eabi/lib/thumb/v6-m\libc_nano.a(lib_a-impure.o)
                              c:/st/stm32cubeide_1.3.0/stm32cubeide/plugins/com.st.stm32cube.ide.mcu.externaltools.gnu-tools-for-stm32.7-2018-q2-update.win32_1.0.0.201904181610/tools/bin/../lib/gcc/arm-none-eabi/7.3.1/../../../../arm-none-eabi/lib/thumb/v6-m\libc_nano.a(lib_a-exit.o) (_global_impure_ptr)
c:/st/stm32cubeide_1.3.0/stm32cubeide/plugins/com.st.stm32cube.ide.mcu.externaltools.gnu-tools-for-stm32.7-2018-q2-update.win32_1.0.0.201904181610/tools/bin/../lib/gcc/arm-none-eabi/7.3.1/../../../../arm-none-eabi/lib/thumb/v6-m\libc_nano.a(lib_a-init.o)
                              c:/st/stm32cubeide_1.3.0/stm32cubeide/plugins/com.st.stm32cube.ide.mcu.externaltools.gnu-tools-for-stm32.7-2018-q2-update.win32_1.0.0.201904181610/tools/bin/../lib/gcc/arm-none-eabi/7.3.1/../../../../arm-none-eabi/lib/thumb/v6-m/crt0.o (__libc_init_array)
c:/st/stm32cubeide_1.3.0/stm32cubeide/plugins/com.st.stm32cube.ide.mcu.externaltools.gnu-tools-for-stm32.7-2018-q2-update.win32_1.0.0.201904181610/tools/bin/../lib/gcc/arm-none-eabi/7.3.1/../../../../arm-none-eabi/lib/thumb/v6-m\libc_nano.a(lib_a-memset.o)
                              c:/st/stm32cubeide_1.3.0/stm32cubeide/plugins/com.st.stm32cube.ide.mcu.externaltools.gnu-tools-for-stm32.7-2018-q2-update.win32_1.0.0.201904181610/tools/bin/../lib/gcc/arm-none-eabi/7.3.1/../../../../arm-none-eabi/lib/thumb/v6-m/crt0.o (memset)
c:/st/stm32cubeide_1.3.0/stm32cubeide/plugins/com.st.stm32cube.ide.mcu.externaltools.gnu-tools-for-stm32.7-2018-q2-update.win32_1.0.0.201904181610/tools/bin/../lib/gcc/arm-none-eabi/7.3.1/thumb/v6-m\libgcc.a(_udivsi3.o)
                              Core/Src/system_stm32l0xx.o (__aeabi_uidiv)
c:/st/stm32cubeide_1.3.0/stm32cubeide/plugins/com.st.stm32cube.ide.mcu.externaltools.gnu-tools-for-stm32.7-2018-q2-update.win32_1.0.0.201904181610/tools/bin/../lib/gcc/arm-none-eabi/7.3.1/thumb/v6-m\libgcc.a(_dvmd_tls.o)
                              c:/st/stm32cubeide_1.3.0/stm32cubeide/plugins/com.st.stm32cube.ide.mcu.externaltools.gnu-tools-for-stm32.7-2018-q2-update.win32_1.0.0.201904181610/tools/bin/../lib/gcc/arm-none-eabi/7.3.1/thumb/v6-m\libgcc.a(_udivsi3.o) (__aeabi_idiv0)

Discarded input sections

 .text          0x0000000000000000        0x0 c:/st/stm32cubeide_1.3.0/stm32cubeide/plugins/com.st.stm32cube.ide.mcu.externaltools.gnu-tools-for-stm32.7-2018-q2-update.win32_1.0.0.201904181610/tools/bin/../lib/gcc/arm-none-eabi/7.3.1/thumb/v6-m/crti.o
 .data          0x0000000000000000        0x0 c:/st/stm32cubeide_1.3.0/stm32cubeide/plugins/com.st.stm32cube.ide.mcu.externaltools.gnu-tools-for-stm32.7-2018-q2-update.win32_1.0.0.201904181610/tools/bin/../lib/gcc/arm-none-eabi/7.3.1/thumb/v6-m/crti.o
 .bss           0x0000000000000000        0x0 c:/st/stm32cubeide_1.3.0/stm32cubeide/plugins/com.st.stm32cube.ide.mcu.externaltools.gnu-tools-for-stm32.7-2018-q2-update.win32_1.0.0.201904181610/tools/bin/../lib/gcc/arm-none-eabi/7.3.1/thumb/v6-m/crti.o
 .data          0x0000000000000000        0x4 c:/st/stm32cubeide_1.3.0/stm32cubeide/plugins/com.st.stm32cube.ide.mcu.externaltools.gnu-tools-for-stm32.7-2018-q2-update.win32_1.0.0.201904181610/tools/bin/../lib/gcc/arm-none-eabi/7.3.1/thumb/v6-m/crtbegin.o
 .text          0x0000000000000000       0x78 c:/st/stm32cubeide_1.3.0/stm32cubeide/plugins/com.st.stm32cube.ide.mcu.externaltools.gnu-tools-for-stm32.7-2018-q2-update.win32_1.0.0.201904181610/tools/bin/../lib/gcc/arm-none-eabi/7.3.1/../../../../arm-none-eabi/lib/thumb/v6-m/crt0.o
 .data          0x0000000000000000        0x0 c:/st/stm32cubeide_1.3.0/stm32cubeide/plugins/com.st.stm32cube.ide.mcu.externaltools.gnu-tools-for-stm32.7-2018-q2-update.win32_1.0.0.201904181610/tools/bin/../lib/gcc/arm-none-eabi/7.3.1/../../../../arm-none-eabi/lib/thumb/v6-m/crt0.o
[...]
Memory Configuration

Name             Origin             Length             Attributes
RAM              0x0000000020000000 0x0000000000002000 xrw
FLASH            0x0000000008000000 0x0000000000010000 xr
*default*        0x0000000000000000 0xffffffffffffffff

Linker script and memory map

LOAD c:/st/stm32cubeide_1.3.0/stm32cubeide/plugins/com.st.stm32cube.ide.mcu.externaltools.gnu-tools-for-stm32.7-2018-q2-update.win32_1.0.0.201904181610/tools/bin/../lib/gcc/arm-none-eabi/7.3.1/thumb/v6-m/crti.o
LOAD c:/st/stm32cubeide_1.3.0/stm32cubeide/plugins/com.st.stm32cube.ide.mcu.externaltools.gnu-tools-for-stm32.7-2018-q2-update.win32_1.0.0.201904181610/tools/bin/../lib/gcc/arm-none-eabi/7.3.1/thumb/v6-m/crtbegin.o
LOAD c:/st/stm32cubeide_1.3.0/stm32cubeide/plugins/com.st.stm32cube.ide.mcu.externaltools.gnu-tools-for-stm32.7-2018-q2-update.win32_1.0.0.201904181610/tools/bin/../lib/gcc/arm-none-eabi/7.3.1/../../../../arm-none-eabi/lib/thumb/v6-m/crt0.o
LOAD Core/Src/main.o
LOAD Core/Src/stm32l0xx_it.o
LOAD Core/Src/syscalls.o
LOAD Core/Src/sysmem.o
LOAD Core/Src/system_stm32l0xx.o
LOAD Core/Startup/startup_stm32l053r8tx.o
LOAD Drivers/STM32L0xx_HAL_Driver/Src/stm32l0xx_ll_exti.o
LOAD Drivers/STM32L0xx_HAL_Driver/Src/stm32l0xx_ll_gpio.o
LOAD Drivers/STM32L0xx_HAL_Driver/Src/stm32l0xx_ll_pwr.o
LOAD Drivers/STM32L0xx_HAL_Driver/Src/stm32l0xx_ll_rcc.o
LOAD Drivers/STM32L0xx_HAL_Driver/Src/stm32l0xx_ll_utils.o
START GROUP
LOAD c:/st/stm32cubeide_1.3.0/stm32cubeide/plugins/com.st.stm32cube.ide.mcu.externaltools.gnu-tools-for-stm32.7-2018-q2-update.win32_1.0.0.201904181610/tools/bin/../lib/gcc/arm-none-eabi/7.3.1/../../../../arm-none-eabi/lib/thumb/v6-m\libc_nano.a
LOAD c:/st/stm32cubeide_1.3.0/stm32cubeide/plugins/com.st.stm32cube.ide.mcu.externaltools.gnu-tools-for-stm32.7-2018-q2-update.win32_1.0.0.201904181610/tools/bin/../lib/gcc/arm-none-eabi/7.3.1/../../../../arm-none-eabi/lib/thumb/v6-m\libm.a
END GROUP
START GROUP
LOAD c:/st/stm32cubeide_1.3.0/stm32cubeide/plugins/com.st.stm32cube.ide.mcu.externaltools.gnu-tools-for-stm32.7-2018-q2-update.win32_1.0.0.201904181610/tools/bin/../lib/gcc/arm-none-eabi/7.3.1/thumb/v6-m\libgcc.a
LOAD c:/st/stm32cubeide_1.3.0/stm32cubeide/plugins/com.st.stm32cube.ide.mcu.externaltools.gnu-tools-for-stm32.7-2018-q2-update.win32_1.0.0.201904181610/tools/bin/../lib/gcc/arm-none-eabi/7.3.1/../../../../arm-none-eabi/lib/thumb/v6-m\libc_nano.a
END GROUP
START GROUP
LOAD c:/st/stm32cubeide_1.3.0/stm32cubeide/plugins/com.st.stm32cube.ide.mcu.externaltools.gnu-tools-for-stm32.7-2018-q2-update.win32_1.0.0.201904181610/tools/bin/../lib/gcc/arm-none-eabi/7.3.1/thumb/v6-m\libgcc.a
LOAD c:/st/stm32cubeide_1.3.0/stm32cubeide/plugins/com.st.stm32cube.ide.mcu.externaltools.gnu-tools-for-stm32.7-2018-q2-update.win32_1.0.0.201904181610/tools/bin/../lib/gcc/arm-none-eabi/7.3.1/../../../../arm-none-eabi/lib/thumb/v6-m\libc_nano.a
LOAD c:/st/stm32cubeide_1.3.0/stm32cubeide/plugins/com.st.stm32cube.ide.mcu.externaltools.gnu-tools-for-stm32.7-2018-q2-update.win32_1.0.0.201904181610/tools/bin/../lib/gcc/arm-none-eabi/7.3.1/../../../../arm-none-eabi/lib/thumb/v6-m\libnosys.a
END GROUP
START GROUP
LOAD c:/st/stm32cubeide_1.3.0/stm32cubeide/plugins/com.st.stm32cube.ide.mcu.externaltools.gnu-tools-for-stm32.7-2018-q2-update.win32_1.0.0.201904181610/tools/bin/../lib/gcc/arm-none-eabi/7.3.1/thumb/v6-m\libgcc.a
LOAD c:/st/stm32cubeide_1.3.0/stm32cubeide/plugins/com.st.stm32cube.ide.mcu.externaltools.gnu-tools-for-stm32.7-2018-q2-update.win32_1.0.0.201904181610/tools/bin/../lib/gcc/arm-none-eabi/7.3.1/../../../../arm-none-eabi/lib/thumb/v6-m\libc_nano.a
LOAD c:/st/stm32cubeide_1.3.0/stm32cubeide/plugins/com.st.stm32cube.ide.mcu.externaltools.gnu-tools-for-stm32.7-2018-q2-update.win32_1.0.0.201904181610/tools/bin/../lib/gcc/arm-none-eabi/7.3.1/../../../../arm-none-eabi/lib/thumb/v6-m\libnosys.a
END GROUP
LOAD c:/st/stm32cubeide_1.3.0/stm32cubeide/plugins/com.st.stm32cube.ide.mcu.externaltools.gnu-tools-for-stm32.7-2018-q2-update.win32_1.0.0.201904181610/tools/bin/../lib/gcc/arm-none-eabi/7.3.1/thumb/v6-m/crtend.o
LOAD c:/st/stm32cubeide_1.3.0/stm32cubeide/plugins/com.st.stm32cube.ide.mcu.externaltools.gnu-tools-for-stm32.7-2018-q2-update.win32_1.0.0.201904181610/tools/bin/../lib/gcc/arm-none-eabi/7.3.1/thumb/v6-m/crtn.o
                0x0000000020002000                _estack = (ORIGIN (RAM) + LENGTH (RAM))
                0x0000000000000200                _Min_Heap_Size = 0x200
                0x0000000000000400                _Min_Stack_Size = 0x400

.isr_vector     0x0000000008000000       0xc0
                0x0000000008000000                . = ALIGN (0x4)
 *(.isr_vector)
 .isr_vector    0x0000000008000000       0xc0 Core/Startup/startup_stm32l053r8tx.o
                0x0000000008000000                g_pfnVectors
                0x00000000080000c0                . = ALIGN (0x4)

.text           0x00000000080000c0      0x80c
                0x00000000080000c0                . = ALIGN (0x4)
 *(.text)
 .text          0x00000000080000c0       0x48 c:/st/stm32cubeide_1.3.0/stm32cubeide/plugins/com.st.stm32cube.ide.mcu.externaltools.gnu-tools-for-stm32.7-2018-q2-update.win32_1.0.0.201904181610/tools/bin/../lib/gcc/arm-none-eabi/7.3.1/thumb/v6-m/crtbegin.o
 .text          0x0000000008000108      0x114 c:/st/stm32cubeide_1.3.0/stm32cubeide/plugins/com.st.stm32cube.ide.mcu.externaltools.gnu-tools-for-stm32.7-2018-q2-update.win32_1.0.0.201904181610/tools/bin/../lib/gcc/arm-none-eabi/7.3.1/thumb/v6-m\libgcc.a(_udivsi3.o)
                0x0000000008000108                __aeabi_uidiv
                0x0000000008000108                __udivsi3
                0x0000000008000214                __aeabi_uidivmod
 .text          0x000000000800021c        0x4 c:/st/stm32cubeide_1.3.0/stm32cubeide/plugins/com.st.stm32cube.ide.mcu.externaltools.gnu-tools-for-stm32.7-2018-q2-update.win32_1.0.0.201904181610/tools/bin/../lib/gcc/arm-none-eabi/7.3.1/thumb/v6-m\libgcc.a(_dvmd_tls.o)
                0x000000000800021c                __aeabi_idiv0
                0x000000000800021c                __aeabi_ldiv0
 *(.text*)
 .text.LL_RCC_HSI_Enable
                0x0000000008000220       0x1c Core/Src/main.o
 .text.LL_RCC_HSI_IsReady
                0x000000000800023c       0x20 Core/Src/main.o
 .text.LL_RCC_HSI_SetCalibTrimming
                0x000000000800025c       0x2c Core/Src/main.o
 .text.LL_RCC_SetSysClkSource
                0x0000000008000288       0x28 Core/Src/main.o
 .text.LL_RCC_GetSysClkSource
                0x00000000080002b0       0x18 Core/Src/main.o
 .text.LL_RCC_SetAHBPrescaler
                0x00000000080002c8       0x28 Core/Src/main.o
 .text.LL_RCC_SetAPB1Prescaler
                0x00000000080002f0       0x2c Core/Src/main.o
 .text.LL_RCC_SetAPB2Prescaler
                0x000000000800031c       0x2c Core/Src/main.o
 .text.LL_RCC_PLL_Enable
                0x0000000008000348       0x1c Core/Src/main.o
 .text.LL_RCC_PLL_IsReady
                0x0000000008000364       0x28 Core/Src/main.o
 .text.LL_RCC_PLL_ConfigDomain_SYS
                0x000000000800038c       0x38 Core/Src/main.o
 .text.LL_APB1_GRP1_EnableClock
                0x00000000080003c4       0x2c Core/Src/main.o
 .text.LL_APB2_GRP1_EnableClock
                0x00000000080003f0       0x2c Core/Src/main.o
 .text.LL_IOP_GRP1_EnableClock
                0x000000000800041c       0x2c Core/Src/main.o
 .text.LL_FLASH_SetLatency
                0x0000000008000448       0x28 Core/Src/main.o
 .text.LL_FLASH_GetLatency
                0x0000000008000470       0x18 Core/Src/main.o
 .text.LL_PWR_SetRegulVoltageScaling
                0x0000000008000488       0x2c Core/Src/main.o
 .text.LL_GPIO_SetPinMode
                0x00000000080004b4       0x3a Core/Src/main.o
 .text.LL_GPIO_SetPinOutputType
                0x00000000080004ee       0x2a Core/Src/main.o
 .text.LL_GPIO_SetPinSpeed
                0x0000000008000518       0x3a Core/Src/main.o
 .text.LL_GPIO_SetPinPull
                0x0000000008000552       0x3a Core/Src/main.o
 .text.LL_GPIO_TogglePin
                0x000000000800058c       0x1e Core/Src/main.o
 .text.main     0x00000000080005aa       0x6e Core/Src/main.o
                0x00000000080005aa                main
 .text.SystemClock_Config
                0x0000000008000618       0x98 Core/Src/main.o
                0x0000000008000618                SystemClock_Config
 .text.Error_Handler
                0x00000000080006b0        0xa Core/Src/main.o
                0x00000000080006b0                Error_Handler
 .text.NMI_Handler
                0x00000000080006ba        0xa Core/Src/stm32l0xx_it.o
                0x00000000080006ba                NMI_Handler
 .text.HardFault_Handler
                0x00000000080006c4        0x6 Core/Src/stm32l0xx_it.o
                0x00000000080006c4                HardFault_Handler
 .text.SVC_Handler
                0x00000000080006ca        0xa Core/Src/stm32l0xx_it.o
                0x00000000080006ca                SVC_Handler
 .text.PendSV_Handler
                0x00000000080006d4        0xa Core/Src/stm32l0xx_it.o
                0x00000000080006d4                PendSV_Handler
 .text.SysTick_Handler
                0x00000000080006de        0xa Core/Src/stm32l0xx_it.o
                0x00000000080006de                SysTick_Handler
 .text.SystemInit
                0x00000000080006e8       0x7c Core/Src/system_stm32l0xx.o
                0x00000000080006e8                SystemInit
 .text.Reset_Handler
                0x0000000008000764       0x50 Core/Startup/startup_stm32l053r8tx.o
                0x0000000008000764                Reset_Handler
 .text.Default_Handler
                0x00000000080007b4        0x2 Core/Startup/startup_stm32l053r8tx.o
                0x00000000080007b4                TSC_IRQHandler
                0x00000000080007b4                ADC1_COMP_IRQHandler
                0x00000000080007b4                PVD_IRQHandler
                0x00000000080007b4                I2C1_IRQHandler
                0x00000000080007b4                RCC_CRS_IRQHandler
                0x00000000080007b4                SPI1_IRQHandler
                0x00000000080007b4                TIM6_DAC_IRQHandler
                0x00000000080007b4                EXTI2_3_IRQHandler
                0x00000000080007b4                I2C2_IRQHandler
                0x00000000080007b4                RTC_IRQHandler
                0x00000000080007b4                LCD_IRQHandler
                0x00000000080007b4                DMA1_Channel4_5_6_7_IRQHandler
                0x00000000080007b4                EXTI4_15_IRQHandler
                0x00000000080007b4                DMA1_Channel1_IRQHandler
                0x00000000080007b4                Default_Handler
                0x00000000080007b4                TIM22_IRQHandler
                0x00000000080007b4                EXTI0_1_IRQHandler
                0x00000000080007b4                USB_IRQHandler
                0x00000000080007b4                SPI2_IRQHandler
                0x00000000080007b4                TIM21_IRQHandler
                0x00000000080007b4                WWDG_IRQHandler
                0x00000000080007b4                TIM2_IRQHandler
                0x00000000080007b4                DMA1_Channel2_3_IRQHandler
                0x00000000080007b4                USART2_IRQHandler
                0x00000000080007b4                FLASH_IRQHandler
                0x00000000080007b4                USART1_IRQHandler
                0x00000000080007b4                RNG_LPUART1_IRQHandler
                0x00000000080007b4                LPTIM1_IRQHandler
 *fill*         0x00000000080007b6        0x2 
 .text.LL_InitTick
                0x00000000080007b8       0x34 Drivers/STM32L0xx_HAL_Driver/Src/stm32l0xx_ll_utils.o
 .text.LL_Init1msTick
                0x00000000080007ec       0x1e Drivers/STM32L0xx_HAL_Driver/Src/stm32l0xx_ll_utils.o
                0x00000000080007ec                LL_Init1msTick
 *fill*         0x000000000800080a        0x2 
 .text.LL_mDelay
                0x000000000800080c       0x44 Drivers/STM32L0xx_HAL_Driver/Src/stm32l0xx_ll_utils.o
                0x000000000800080c                LL_mDelay
 .text.LL_SetSystemCoreClock
                0x0000000008000850       0x1c Drivers/STM32L0xx_HAL_Driver/Src/stm32l0xx_ll_utils.o
                0x0000000008000850                LL_SetSystemCoreClock
 .text.__libc_init_array
                0x000000000800086c       0x48 c:/st/stm32cubeide_1.3.0/stm32cubeide/plugins/com.st.stm32cube.ide.mcu.externaltools.gnu-tools-for-stm32.7-2018-q2-update.win32_1.0.0.201904181610/tools/bin/../lib/gcc/arm-none-eabi/7.3.1/../../../../arm-none-eabi/lib/thumb/v6-m\libc_nano.a(lib_a-init.o)
                0x000000000800086c                __libc_init_array
 *(.glue_7)
 .glue_7        0x00000000080008b4        0x0 linker stubs
 *(.glue_7t)
 .glue_7t       0x00000000080008b4        0x0 linker stubs
 *(.eh_frame)
 .eh_frame      0x00000000080008b4        0x0 c:/st/stm32cubeide_1.3.0/stm32cubeide/plugins/com.st.stm32cube.ide.mcu.externaltools.gnu-tools-for-stm32.7-2018-q2-update.win32_1.0.0.201904181610/tools/bin/../lib/gcc/arm-none-eabi/7.3.1/thumb/v6-m/crtbegin.o
 *(.init)
 .init          0x00000000080008b4        0x4 c:/st/stm32cubeide_1.3.0/stm32cubeide/plugins/com.st.stm32cube.ide.mcu.externaltools.gnu-tools-for-stm32.7-2018-q2-update.win32_1.0.0.201904181610/tools/bin/../lib/gcc/arm-none-eabi/7.3.1/thumb/v6-m/crti.o
                0x00000000080008b4                _init
 .init          0x00000000080008b8        0x8 c:/st/stm32cubeide_1.3.0/stm32cubeide/plugins/com.st.stm32cube.ide.mcu.externaltools.gnu-tools-for-stm32.7-2018-q2-update.win32_1.0.0.201904181610/tools/bin/../lib/gcc/arm-none-eabi/7.3.1/thumb/v6-m/crtn.o
 *(.fini)
 .fini          0x00000000080008c0        0x4 c:/st/stm32cubeide_1.3.0/stm32cubeide/plugins/com.st.stm32cube.ide.mcu.externaltools.gnu-tools-for-stm32.7-2018-q2-update.win32_1.0.0.201904181610/tools/bin/../lib/gcc/arm-none-eabi/7.3.1/thumb/v6-m/crti.o
                0x00000000080008c0                _fini
 .fini          0x00000000080008c4        0x8 c:/st/stm32cubeide_1.3.0/stm32cubeide/plugins/com.st.stm32cube.ide.mcu.externaltools.gnu-tools-for-stm32.7-2018-q2-update.win32_1.0.0.201904181610/tools/bin/../lib/gcc/arm-none-eabi/7.3.1/thumb/v6-m/crtn.o
                0x00000000080008cc                . = ALIGN (0x4)
                0x00000000080008cc                _etext = .

.vfp11_veneer   0x00000000080008cc        0x0
 .vfp11_veneer  0x00000000080008cc        0x0 linker stubs

.v4_bx          0x00000000080008cc        0x0
 .v4_bx         0x00000000080008cc        0x0 linker stubs

.iplt           0x00000000080008cc        0x0
 .iplt          0x00000000080008cc        0x0 c:/st/stm32cubeide_1.3.0/stm32cubeide/plugins/com.st.stm32cube.ide.mcu.externaltools.gnu-tools-for-stm32.7-2018-q2-update.win32_1.0.0.201904181610/tools/bin/../lib/gcc/arm-none-eabi/7.3.1/thumb/v6-m/crtbegin.o

.rel.dyn        0x00000000080008cc        0x0
 .rel.iplt      0x00000000080008cc        0x0 c:/st/stm32cubeide_1.3.0/stm32cubeide/plugins/com.st.stm32cube.ide.mcu.externaltools.gnu-tools-for-stm32.7-2018-q2-update.win32_1.0.0.201904181610/tools/bin/../lib/gcc/arm-none-eabi/7.3.1/thumb/v6-m/crtbegin.o

.rodata         0x00000000080008cc        0x0
                0x00000000080008cc                . = ALIGN (0x4)
 *(.rodata)
 *(.rodata*)
                0x00000000080008cc                . = ALIGN (0x4)

.ARM.extab      0x00000000080008cc        0x0
                0x00000000080008cc                . = ALIGN (0x4)
 *(.ARM.extab* .gnu.linkonce.armextab.*)
                0x00000000080008cc                . = ALIGN (0x4)

.ARM            0x00000000080008cc        0x0
                0x00000000080008cc                . = ALIGN (0x4)
                0x00000000080008cc                __exidx_start = .
 *(.ARM.exidx*)
                0x00000000080008cc                __exidx_end = .
                0x00000000080008cc                . = ALIGN (0x4)

.preinit_array  0x00000000080008cc        0x0
                0x00000000080008cc                . = ALIGN (0x4)
                0x00000000080008cc                PROVIDE (__preinit_array_start = .)
 *(.preinit_array*)
                0x00000000080008cc                PROVIDE (__preinit_array_end = .)
                0x00000000080008cc                . = ALIGN (0x4)

.init_array     0x00000000080008cc        0x4
                0x00000000080008cc                . = ALIGN (0x4)
                0x00000000080008cc                PROVIDE (__init_array_start = .)
 *(SORT_BY_NAME(.init_array.*))
 *(.init_array*)
 .init_array    0x00000000080008cc        0x4 c:/st/stm32cubeide_1.3.0/stm32cubeide/plugins/com.st.stm32cube.ide.mcu.externaltools.gnu-tools-for-stm32.7-2018-q2-update.win32_1.0.0.201904181610/tools/bin/../lib/gcc/arm-none-eabi/7.3.1/thumb/v6-m/crtbegin.o
                0x00000000080008d0                PROVIDE (__init_array_end = .)
                0x00000000080008d0                . = ALIGN (0x4)

.fini_array     0x00000000080008d0        0x4
                0x00000000080008d0                . = ALIGN (0x4)
                [!provide]                        PROVIDE (__fini_array_start = .)
 *(SORT_BY_NAME(.fini_array.*))
 *(.fini_array*)
 .fini_array    0x00000000080008d0        0x4 c:/st/stm32cubeide_1.3.0/stm32cubeide/plugins/com.st.stm32cube.ide.mcu.externaltools.gnu-tools-for-stm32.7-2018-q2-update.win32_1.0.0.201904181610/tools/bin/../lib/gcc/arm-none-eabi/7.3.1/thumb/v6-m/crtbegin.o
                [!provide]                        PROVIDE (__fini_array_end = .)
                0x00000000080008d4                . = ALIGN (0x4)
                0x00000000080008d4                _sidata = LOADADDR (.data)

.data           0x0000000020000000        0x4 load address 0x00000000080008d4
                0x0000000020000000                . = ALIGN (0x4)
                0x0000000020000000                _sdata = .
 *(.data)
 *(.data*)
 .data.SystemCoreClock
                0x0000000020000000        0x4 Core/Src/system_stm32l0xx.o
                0x0000000020000000                SystemCoreClock
                0x0000000020000004                . = ALIGN (0x4)
                0x0000000020000004                _edata = .

.igot.plt       0x0000000020000004        0x0 load address 0x00000000080008d8
 .igot.plt      0x0000000020000004        0x0 c:/st/stm32cubeide_1.3.0/stm32cubeide/plugins/com.st.stm32cube.ide.mcu.externaltools.gnu-tools-for-stm32.7-2018-q2-update.win32_1.0.0.201904181610/tools/bin/../lib/gcc/arm-none-eabi/7.3.1/thumb/v6-m/crtbegin.o
                0x0000000020000004                . = ALIGN (0x4)

.bss            0x0000000020000004       0x1c load address 0x00000000080008d8
                0x0000000020000004                _sbss = .
                0x0000000020000004                __bss_start__ = _sbss
 *(.bss)
 .bss           0x0000000020000004       0x1c c:/st/stm32cubeide_1.3.0/stm32cubeide/plugins/com.st.stm32cube.ide.mcu.externaltools.gnu-tools-for-stm32.7-2018-q2-update.win32_1.0.0.201904181610/tools/bin/../lib/gcc/arm-none-eabi/7.3.1/thumb/v6-m/crtbegin.o
 *(.bss*)
 *(COMMON)
                0x0000000020000020                . = ALIGN (0x4)
                0x0000000020000020                _ebss = .
                0x0000000020000020                __bss_end__ = _ebss

._user_heap_stack
                0x0000000020000020      0x600 load address 0x00000000080008d8
                0x0000000020000020                . = ALIGN (0x8)
                0x0000000020000020                PROVIDE (end = .)
                [!provide]                        PROVIDE (_end = .)
                0x0000000020000220                . = (. + _Min_Heap_Size)
 *fill*         0x0000000020000020      0x200 
                0x0000000020000620                . = (. + _Min_Stack_Size)
 *fill*         0x0000000020000220      0x400 
                0x0000000020000620                . = ALIGN (0x8)

/DISCARD/
 libc.a(*)
 libm.a(*)
 libgcc.a(*)

.ARM.attributes
                0x0000000000000000       0x28
 *(.ARM.attributes)
 .ARM.attributes
                0x0000000000000000       0x1e c:/st/stm32cubeide_1.3.0/stm32cubeide/plugins/com.st.stm32cube.ide.mcu.externaltools.gnu-tools-for-stm32.7-2018-q2-update.win32_1.0.0.201904181610/tools/bin/../lib/gcc/arm-none-eabi/7.3.1/thumb/v6-m/crti.o
 .ARM.attributes
                0x000000000000001e       0x2c c:/st/stm32cubeide_1.3.0/stm32cubeide/plugins/com.st.stm32cube.ide.mcu.externaltools.gnu-tools-for-stm32.7-2018-q2-update.win32_1.0.0.201904181610/tools/bin/../lib/gcc/arm-none-eabi/7.3.1/thumb/v6-m/crtbegin.o
 .ARM.attributes
                0x000000000000004a       0x32 Core/Src/main.o
 .ARM.attributes
                0x000000000000007c       0x32 Core/Src/stm32l0xx_it.o
 .ARM.attributes
                0x00000000000000ae       0x32 Core/Src/system_stm32l0xx.o
 .ARM.attributes
                0x00000000000000e0       0x22 Core/Startup/startup_stm32l053r8tx.o
 .ARM.attributes
                0x0000000000000102       0x32 Drivers/STM32L0xx_HAL_Driver/Src/stm32l0xx_ll_utils.o
 .ARM.attributes
                0x0000000000000134       0x2c c:/st/stm32cubeide_1.3.0/stm32cubeide/plugins/com.st.stm32cube.ide.mcu.externaltools.gnu-tools-for-stm32.7-2018-q2-update.win32_1.0.0.201904181610/tools/bin/../lib/gcc/arm-none-eabi/7.3.1/../../../../arm-none-eabi/lib/thumb/v6-m\libc_nano.a(lib_a-init.o)
 .ARM.attributes
                0x0000000000000160       0x1e c:/st/stm32cubeide_1.3.0/stm32cubeide/plugins/com.st.stm32cube.ide.mcu.externaltools.gnu-tools-for-stm32.7-2018-q2-update.win32_1.0.0.201904181610/tools/bin/../lib/gcc/arm-none-eabi/7.3.1/thumb/v6-m\libgcc.a(_udivsi3.o)
 .ARM.attributes
                0x000000000000017e       0x1e c:/st/stm32cubeide_1.3.0/stm32cubeide/plugins/com.st.stm32cube.ide.mcu.externaltools.gnu-tools-for-stm32.7-2018-q2-update.win32_1.0.0.201904181610/tools/bin/../lib/gcc/arm-none-eabi/7.3.1/thumb/v6-m\libgcc.a(_dvmd_tls.o)
 .ARM.attributes
                0x000000000000019c       0x1e c:/st/stm32cubeide_1.3.0/stm32cubeide/plugins/com.st.stm32cube.ide.mcu.externaltools.gnu-tools-for-stm32.7-2018-q2-update.win32_1.0.0.201904181610/tools/bin/../lib/gcc/arm-none-eabi/7.3.1/thumb/v6-m/crtn.o
OUTPUT(part3_BlinkyLED.elf elf32-littlearm)

.debug_info     0x0000000000000000     0x15c1
 .debug_info    0x0000000000000000      0x863 Core/Src/main.o
 .debug_info    0x0000000000000863      0x187 Core/Src/stm32l0xx_it.o
 .debug_info    0x00000000000009ea      0x37d Core/Src/system_stm32l0xx.o
 .debug_info    0x0000000000000d67       0x22 Core/Startup/startup_stm32l053r8tx.o
 .debug_info    0x0000000000000d89      0x838 Drivers/STM32L0xx_HAL_Driver/Src/stm32l0xx_ll_utils.o

.debug_abbrev   0x0000000000000000      0x569
 .debug_abbrev  0x0000000000000000      0x1bb Core/Src/main.o
 .debug_abbrev  0x00000000000001bb       0x8b Core/Src/stm32l0xx_it.o
 .debug_abbrev  0x0000000000000246      0x100 Core/Src/system_stm32l0xx.o
 .debug_abbrev  0x0000000000000346       0x12 Core/Startup/startup_stm32l053r8tx.o
 .debug_abbrev  0x0000000000000358      0x211 Drivers/STM32L0xx_HAL_Driver/Src/stm32l0xx_ll_utils.o

.debug_aranges  0x0000000000000000      0x270
 .debug_aranges
                0x0000000000000000       0xf0 Core/Src/main.o
 .debug_aranges
                0x00000000000000f0       0x40 Core/Src/stm32l0xx_it.o
 .debug_aranges
                0x0000000000000130       0x28 Core/Src/system_stm32l0xx.o
 .debug_aranges
                0x0000000000000158       0x28 Core/Startup/startup_stm32l053r8tx.o
 .debug_aranges
                0x0000000000000180       0xf0 Drivers/STM32L0xx_HAL_Driver/Src/stm32l0xx_ll_utils.o

.debug_ranges   0x0000000000000000      0x228
 .debug_ranges  0x0000000000000000       0xe0 Core/Src/main.o
 .debug_ranges  0x00000000000000e0       0x30 Core/Src/stm32l0xx_it.o
 .debug_ranges  0x0000000000000110       0x18 Core/Src/system_stm32l0xx.o
 .debug_ranges  0x0000000000000128       0x20 Core/Startup/startup_stm32l053r8tx.o
 .debug_ranges  0x0000000000000148       0xe0 Drivers/STM32L0xx_HAL_Driver/Src/stm32l0xx_ll_utils.o

.debug_macro    0x0000000000000000     0xc4e8
 .debug_macro   0x0000000000000000      0x12c Core/Src/main.o
 .debug_macro   0x000000000000012c      0xa8a Core/Src/main.o
 .debug_macro   0x0000000000000bb6       0x2e Core/Src/main.o
 .debug_macro   0x0000000000000be4       0x28 Core/Src/main.o
 .debug_macro   0x0000000000000c0c       0x22 Core/Src/main.o
 .debug_macro   0x0000000000000c2e       0x8e Core/Src/main.o
 .debug_macro   0x0000000000000cbc       0x51 Core/Src/main.o
 .debug_macro   0x0000000000000d0d       0xef Core/Src/main.o
 .debug_macro   0x0000000000000dfc       0x6a Core/Src/main.o
 .debug_macro   0x0000000000000e66      0x1df Core/Src/main.o
 .debug_macro   0x0000000000001045       0x34 Core/Src/main.o
 .debug_macro   0x0000000000001079       0x26 Core/Src/main.o
 .debug_macro   0x000000000000109f      0x44f Core/Src/main.o
 .debug_macro   0x00000000000014ee     0x9d0d Core/Src/main.o
 .debug_macro   0x000000000000b1fb       0x3c Core/Src/main.o
 .debug_macro   0x000000000000b237       0xde Core/Src/main.o
 .debug_macro   0x000000000000b315      0x424 Core/Src/main.o
 .debug_macro   0x000000000000b739       0xfb Core/Src/main.o
 .debug_macro   0x000000000000b834      0x179 Core/Src/main.o
 .debug_macro   0x000000000000b9ad      0x109 Core/Src/main.o
 .debug_macro   0x000000000000bab6      0x18a Core/Src/main.o
 .debug_macro   0x000000000000bc40       0x2a Core/Src/main.o
 .debug_macro   0x000000000000bc6a       0xc2 Core/Src/main.o
 .debug_macro   0x000000000000bd2c      0x303 Core/Src/main.o
 .debug_macro   0x000000000000c02f      0x12d Core/Src/main.o
 .debug_macro   0x000000000000c15c       0x2e Core/Src/main.o
 .debug_macro   0x000000000000c18a      0x136 Core/Src/stm32l0xx_it.o
 .debug_macro   0x000000000000c2c0       0xc3 Core/Src/system_stm32l0xx.o
 .debug_macro   0x000000000000c383      0x165 Drivers/STM32L0xx_HAL_Driver/Src/stm32l0xx_ll_utils.o

.debug_line     0x0000000000000000     0x1a0f
 .debug_line    0x0000000000000000      0x7c8 Core/Src/main.o
 .debug_line    0x00000000000007c8      0x5c5 Core/Src/stm32l0xx_it.o
 .debug_line    0x0000000000000d8d      0x48b Core/Src/system_stm32l0xx.o
 .debug_line    0x0000000000001218       0x8a Core/Startup/startup_stm32l053r8tx.o
 .debug_line    0x00000000000012a2      0x76d Drivers/STM32L0xx_HAL_Driver/Src/stm32l0xx_ll_utils.o

.debug_str      0x0000000000000000    0x43679
 .debug_str     0x0000000000000000    0x42788 Core/Src/main.o
                                      0x429b9 (size before relaxing)
 .debug_str     0x0000000000042788       0x76 Core/Src/stm32l0xx_it.o
                                      0x42633 (size before relaxing)
 .debug_str     0x00000000000427fe       0xa6 Core/Src/system_stm32l0xx.o
                                      0x3be26 (size before relaxing)
 .debug_str     0x00000000000428a4       0x36 Core/Startup/startup_stm32l053r8tx.o
                                         0x75 (size before relaxing)
 .debug_str     0x00000000000428da      0xd9f Drivers/STM32L0xx_HAL_Driver/Src/stm32l0xx_ll_utils.o
                                      0x3f8f3 (size before relaxing)

.comment        0x0000000000000000       0x7b
 .comment       0x0000000000000000       0x7b Core/Src/main.o
                                         0x7c (size before relaxing)
 .comment       0x000000000000007b       0x7c Core/Src/stm32l0xx_it.o
 .comment       0x000000000000007b       0x7c Core/Src/system_stm32l0xx.o
 .comment       0x000000000000007b       0x7c Drivers/STM32L0xx_HAL_Driver/Src/stm32l0xx_ll_utils.o

.debug_frame    0x0000000000000000      0x7c4
 .debug_frame   0x0000000000000000      0x34c Core/Src/main.o
 .debug_frame   0x000000000000034c       0x9c Core/Src/stm32l0xx_it.o
 .debug_frame   0x00000000000003e8       0x4c Core/Src/system_stm32l0xx.o
 .debug_frame   0x0000000000000434      0x344 Drivers/STM32L0xx_HAL_Driver/Src/stm32l0xx_ll_utils.o
 .debug_frame   0x0000000000000778       0x2c c:/st/stm32cubeide_1.3.0/stm32cubeide/plugins/com.st.stm32cube.ide.mcu.externaltools.gnu-tools-for-stm32.7-2018-q2-update.win32_1.0.0.201904181610/tools/bin/../lib/gcc/arm-none-eabi/7.3.1/../../../../arm-none-eabi/lib/thumb/v6-m\libc_nano.a(lib_a-init.o)
 .debug_frame   0x00000000000007a4       0x20 c:/st/stm32cubeide_1.3.0/stm32cubeide/plugins/com.st.stm32cube.ide.mcu.externaltools.gnu-tools-for-stm32.7-2018-q2-update.win32_1.0.0.201904181610/tools/bin/../lib/gcc/arm-none-eabi/7.3.1/thumb/v6-m\libgcc.a(_udivsi3.o)
