stm32l0xx_ll_rcc.h:782:22:LL_RCC_HSI_Enable	8	static
stm32l0xx_ll_rcc.h:802:26:LL_RCC_HSI_IsReady	8	static
stm32l0xx_ll_rcc.h:893:22:LL_RCC_HSI_SetCalibTrimming	16	static
stm32l0xx_ll_rcc.h:1275:22:LL_RCC_SetSysClkSource	16	static
stm32l0xx_ll_rcc.h:1289:26:LL_RCC_GetSysClkSource	8	static
stm32l0xx_ll_rcc.h:1309:22:LL_RCC_SetAHBPrescaler	16	static
stm32l0xx_ll_rcc.h:1325:22:LL_RCC_SetAPB1Prescaler	16	static
stm32l0xx_ll_rcc.h:1341:22:LL_RCC_SetAPB2Prescaler	16	static
stm32l0xx_ll_rcc.h:1784:22:LL_RCC_PLL_Enable	8	static
stm32l0xx_ll_rcc.h:1805:26:LL_RCC_PLL_IsReady	8	static
stm32l0xx_ll_rcc.h:1834:22:LL_RCC_PLL_ConfigDomain_SYS	24	static
stm32l0xx_ll_bus.h:440:22:LL_APB1_GRP1_EnableClock	24	static
stm32l0xx_ll_bus.h:786:22:LL_APB2_GRP1_EnableClock	24	static
stm32l0xx_ll_bus.h:987:22:LL_IOP_GRP1_EnableClock	24	static
stm32l0xx_ll_system.h:912:22:LL_FLASH_SetLatency	16	static
stm32l0xx_ll_system.h:924:26:LL_FLASH_GetLatency	8	static
stm32l0xx_ll_pwr.h:272:22:LL_PWR_SetRegulVoltageScaling	16	static
stm32l0xx_ll_gpio.h:270:22:LL_GPIO_SetPinMode	24	static
stm32l0xx_ll_gpio.h:338:22:LL_GPIO_SetPinOutputType	24	static
stm32l0xx_ll_gpio.h:409:22:LL_GPIO_SetPinSpeed	24	static
stm32l0xx_ll_gpio.h:478:22:LL_GPIO_SetPinPull	24	static
stm32l0xx_ll_gpio.h:872:22:LL_GPIO_ResetOutputPin	16	static
stm32l0xx_ll_gpio.h:901:22:LL_GPIO_TogglePin	16	static
main.c:65:5:main	8	static
main.c:132:6:SystemClock_Config	8	static
main.c:178:13:MX_GPIO_Init	32	static
main.c:206:6:Error_Handler	8	static
