16:27:53 **** Rebuild of configuration Debug for project Part3_BlinkyLED ****
Info: Internal Builder is used for build
arm-atollic-eabi-gcc -c -mthumb -mcpu=cortex-m0plus -std=gnu11 -DUSE_FULL_LL_DRIVER -DHSE_VALUE=8000000 -DHSE_STARTUP_TIMEOUT=100 -DLSE_STARTUP_TIMEOUT=5000 -DLSE_VALUE=32768 -DMSI_VALUE=2097000 -DHSI_VALUE=16000000 -DLSI_VALUE=37000 -DVDD_VALUE=3300 -DPREFETCH_ENABLE=0 -DINSTRUCTION_CACHE_ENABLE=1 -DDATA_CACHE_ENABLE=1 -D__weak=__attribute__((weak)) -D__packed=__attribute__((__packed__)) -DSTM32L053xx -I../Inc -I../Drivers/STM32L0xx_HAL_Driver/Inc -I../Drivers/CMSIS/Device/ST/STM32L0xx/Include -I../Drivers/CMSIS/Include -Os -ffunction-sections -fdata-sections -g -fstack-usage -Wall -specs=nano.specs -o Drivers\STM32L0xx_HAL_Driver\Src\stm32l0xx_ll_exti.o ..\Drivers\STM32L0xx_HAL_Driver\Src\stm32l0xx_ll_exti.c 
arm-atollic-eabi-gcc -c -mthumb -mcpu=cortex-m0plus -std=gnu11 -DUSE_FULL_LL_DRIVER -DHSE_VALUE=8000000 -DHSE_STARTUP_TIMEOUT=100 -DLSE_STARTUP_TIMEOUT=5000 -DLSE_VALUE=32768 -DMSI_VALUE=2097000 -DHSI_VALUE=16000000 -DLSI_VALUE=37000 -DVDD_VALUE=3300 -DPREFETCH_ENABLE=0 -DINSTRUCTION_CACHE_ENABLE=1 -DDATA_CACHE_ENABLE=1 -D__weak=__attribute__((weak)) -D__packed=__attribute__((__packed__)) -DSTM32L053xx -I../Inc -I../Drivers/STM32L0xx_HAL_Driver/Inc -I../Drivers/CMSIS/Device/ST/STM32L0xx/Include -I../Drivers/CMSIS/Include -Os -ffunction-sections -fdata-sections -g -fstack-usage -Wall -specs=nano.specs -o Drivers\STM32L0xx_HAL_Driver\Src\stm32l0xx_ll_utils.o ..\Drivers\STM32L0xx_HAL_Driver\Src\stm32l0xx_ll_utils.c 
arm-atollic-eabi-gcc -c -mthumb -mcpu=cortex-m0plus -std=gnu11 -DUSE_FULL_LL_DRIVER -DHSE_VALUE=8000000 -DHSE_STARTUP_TIMEOUT=100 -DLSE_STARTUP_TIMEOUT=5000 -DLSE_VALUE=32768 -DMSI_VALUE=2097000 -DHSI_VALUE=16000000 -DLSI_VALUE=37000 -DVDD_VALUE=3300 -DPREFETCH_ENABLE=0 -DINSTRUCTION_CACHE_ENABLE=1 -DDATA_CACHE_ENABLE=1 -D__weak=__attribute__((weak)) -D__packed=__attribute__((__packed__)) -DSTM32L053xx -I../Inc -I../Drivers/STM32L0xx_HAL_Driver/Inc -I../Drivers/CMSIS/Device/ST/STM32L0xx/Include -I../Drivers/CMSIS/Include -Os -ffunction-sections -fdata-sections -g -fstack-usage -Wall -specs=nano.specs -o Drivers\STM32L0xx_HAL_Driver\Src\stm32l0xx_ll_gpio.o ..\Drivers\STM32L0xx_HAL_Driver\Src\stm32l0xx_ll_gpio.c 
arm-atollic-eabi-gcc -c -mthumb -mcpu=cortex-m0plus -std=gnu11 -DUSE_FULL_LL_DRIVER -DHSE_VALUE=8000000 -DHSE_STARTUP_TIMEOUT=100 -DLSE_STARTUP_TIMEOUT=5000 -DLSE_VALUE=32768 -DMSI_VALUE=2097000 -DHSI_VALUE=16000000 -DLSI_VALUE=37000 -DVDD_VALUE=3300 -DPREFETCH_ENABLE=0 -DINSTRUCTION_CACHE_ENABLE=1 -DDATA_CACHE_ENABLE=1 -D__weak=__attribute__((weak)) -D__packed=__attribute__((__packed__)) -DSTM32L053xx -I../Inc -I../Drivers/STM32L0xx_HAL_Driver/Inc -I../Drivers/CMSIS/Device/ST/STM32L0xx/Include -I../Drivers/CMSIS/Include -Os -ffunction-sections -fdata-sections -g -fstack-usage -Wall -specs=nano.specs -o Drivers\STM32L0xx_HAL_Driver\Src\stm32l0xx_ll_rcc.o ..\Drivers\STM32L0xx_HAL_Driver\Src\stm32l0xx_ll_rcc.c 
arm-atollic-eabi-gcc -c -mthumb -mcpu=cortex-m0plus -std=gnu11 -DUSE_FULL_LL_DRIVER -DHSE_VALUE=8000000 -DHSE_STARTUP_TIMEOUT=100 -DLSE_STARTUP_TIMEOUT=5000 -DLSE_VALUE=32768 -DMSI_VALUE=2097000 -DHSI_VALUE=16000000 -DLSI_VALUE=37000 -DVDD_VALUE=3300 -DPREFETCH_ENABLE=0 -DINSTRUCTION_CACHE_ENABLE=1 -DDATA_CACHE_ENABLE=1 -D__weak=__attribute__((weak)) -D__packed=__attribute__((__packed__)) -DSTM32L053xx -I../Inc -I../Drivers/STM32L0xx_HAL_Driver/Inc -I../Drivers/CMSIS/Device/ST/STM32L0xx/Include -I../Drivers/CMSIS/Include -Os -ffunction-sections -fdata-sections -g -fstack-usage -Wall -specs=nano.specs -o Drivers\STM32L0xx_HAL_Driver\Src\stm32l0xx_ll_pwr.o ..\Drivers\STM32L0xx_HAL_Driver\Src\stm32l0xx_ll_pwr.c 
arm-atollic-eabi-gcc -c -mthumb -mcpu=cortex-m0plus -std=gnu11 -DUSE_FULL_LL_DRIVER -DHSE_VALUE=8000000 -DHSE_STARTUP_TIMEOUT=100 -DLSE_STARTUP_TIMEOUT=5000 -DLSE_VALUE=32768 -DMSI_VALUE=2097000 -DHSI_VALUE=16000000 -DLSI_VALUE=37000 -DVDD_VALUE=3300 -DPREFETCH_ENABLE=0 -DINSTRUCTION_CACHE_ENABLE=1 -DDATA_CACHE_ENABLE=1 -D__weak=__attribute__((weak)) -D__packed=__attribute__((__packed__)) -DSTM32L053xx -I../Inc -I../Drivers/STM32L0xx_HAL_Driver/Inc -I../Drivers/CMSIS/Device/ST/STM32L0xx/Include -I../Drivers/CMSIS/Include -Os -ffunction-sections -fdata-sections -g -fstack-usage -Wall -specs=nano.specs -o Src\main.o ..\Src\main.c 
arm-atollic-eabi-gcc -c -mthumb -mcpu=cortex-m0plus -std=gnu11 -DUSE_FULL_LL_DRIVER -DHSE_VALUE=8000000 -DHSE_STARTUP_TIMEOUT=100 -DLSE_STARTUP_TIMEOUT=5000 -DLSE_VALUE=32768 -DMSI_VALUE=2097000 -DHSI_VALUE=16000000 -DLSI_VALUE=37000 -DVDD_VALUE=3300 -DPREFETCH_ENABLE=0 -DINSTRUCTION_CACHE_ENABLE=1 -DDATA_CACHE_ENABLE=1 -D__weak=__attribute__((weak)) -D__packed=__attribute__((__packed__)) -DSTM32L053xx -I../Inc -I../Drivers/STM32L0xx_HAL_Driver/Inc -I../Drivers/CMSIS/Device/ST/STM32L0xx/Include -I../Drivers/CMSIS/Include -Os -ffunction-sections -fdata-sections -g -fstack-usage -Wall -specs=nano.specs -o Src\system_stm32l0xx.o ..\Src\system_stm32l0xx.c 
arm-atollic-eabi-gcc -c -mthumb -mcpu=cortex-m0plus -g -Wa,--no-warn -x assembler-with-cpp -specs=nano.specs -o startup\startup_stm32l053xx.o ..\startup\startup_stm32l053xx.s 
arm-atollic-eabi-gcc -c -mthumb -mcpu=cortex-m0plus -std=gnu11 -DUSE_FULL_LL_DRIVER -DHSE_VALUE=8000000 -DHSE_STARTUP_TIMEOUT=100 -DLSE_STARTUP_TIMEOUT=5000 -DLSE_VALUE=32768 -DMSI_VALUE=2097000 -DHSI_VALUE=16000000 -DLSI_VALUE=37000 -DVDD_VALUE=3300 -DPREFETCH_ENABLE=0 -DINSTRUCTION_CACHE_ENABLE=1 -DDATA_CACHE_ENABLE=1 -D__weak=__attribute__((weak)) -D__packed=__attribute__((__packed__)) -DSTM32L053xx -I../Inc -I../Drivers/STM32L0xx_HAL_Driver/Inc -I../Drivers/CMSIS/Device/ST/STM32L0xx/Include -I../Drivers/CMSIS/Include -Os -ffunction-sections -fdata-sections -g -fstack-usage -Wall -specs=nano.specs -o Src\stm32l0xx_it.o ..\Src\stm32l0xx_it.c 
arm-atollic-eabi-gcc -o Part3_BlinkyLED.elf Drivers\STM32L0xx_HAL_Driver\Src\stm32l0xx_ll_exti.o Drivers\STM32L0xx_HAL_Driver\Src\stm32l0xx_ll_gpio.o Drivers\STM32L0xx_HAL_Driver\Src\stm32l0xx_ll_pwr.o Drivers\STM32L0xx_HAL_Driver\Src\stm32l0xx_ll_rcc.o Drivers\STM32L0xx_HAL_Driver\Src\stm32l0xx_ll_utils.o Src\main.o Src\stm32l0xx_it.o Src\system_stm32l0xx.o startup\startup_stm32l053xx.o -mthumb -mcpu=cortex-m0plus -T../STM32L053R8_FLASH.ld -specs=nosys.specs -static -Wl,-Map=Part3_BlinkyLED.map -Wl,--gc-sections -Wl,--defsym=malloc_getpagesize_P=0x80 -Wl,--start-group -lc -lm -Wl,--end-group -specs=nano.specs 
C:\Program Files (x86)\Atollic\TrueSTUDIO for STM32 9.0.1\ide\jre\bin\java -jar C:\Program Files (x86)\Atollic\TrueSTUDIO for STM32 9.0.1\Tools\arm-atollic-reports.jar sizeinfo list Part3_BlinkyLED.elf 
Generate build reports...
Print size information
   text	   data	    bss	    dec	    hex	filename
   1400	     12	   1564	   2976	    ba0	Part3_BlinkyLED.elf
Print size information done
Generate listing file
Output sent to: Part3_BlinkyLED.list
Generate listing file done
Generate build reports done
arm-atollic-eabi-objcopy.exe -O ihex Part3_BlinkyLED.elf Part3_BlinkyLED.hex 
